// Jest Snapshot v1, https://goo.gl/fbAQLP

exports[`Links snapshot renders directions form 1`] = `null`;
